BL51 BANKED LINKER/LOCATER V6.22.2.0                                                    11/16/2021  22:00:02  PAGE 1


BL51 BANKED LINKER/LOCATER V6.22.2.0, INVOKED BY:
C:\KEIL_V5\C51\BIN\BL51.EXE .\Objects\test.obj TO .\Objects\test PRINT (.\Listings\test.m51)


MEMORY MODEL: SMALL


INPUT MODULES INCLUDED:
  .\Objects\test.obj (TEST)
  C:\KEIL_V5\C51\LIB\C51S.LIB (?C_STARTUP)
  C:\KEIL_V5\C51\LIB\C51S.LIB (?C?CLDOPTR)
  C:\KEIL_V5\C51\LIB\C51S.LIB (?C?UIDIV)


LINK MAP OF MODULE:  .\Objects\test (TEST)


            TYPE    BASE      LENGTH    RELOCATION   SEGMENT NAME
            -----------------------------------------------------

            * * * * * * *   D A T A   M E M O R Y   * * * * * * *
            REG     0000H     0008H     ABSOLUTE     "REG BANK 0"
            DATA    0008H     0014H     UNIT         ?DT?TEST
            DATA    001CH     0009H     UNIT         _DATA_GROUP_
            IDATA   0025H     0001H     UNIT         ?STACK

            * * * * * * *   C O D E   M E M O R Y   * * * * * * *
            CODE    0000H     0003H     ABSOLUTE     
                    0003H     07FDH                  *** GAP ***
            CODE    0800H     022CH     UNIT         ?PR?CHECK?TEST
            CODE    0A2CH     00B0H     UNIT         ?CO?TEST
            CODE    0ADCH     0082H     UNIT         ?C?LIB_CODE
            CODE    0B5EH     0071H     UNIT         ?PR?MAIN?TEST
            CODE    0BCFH     0057H     UNIT         ?PR?_LCDCONV?TEST
            CODE    0C26H     002BH     UNIT         ?PR?_SER_DIS?TEST
            CODE    0C51H     0028H     UNIT         ?PR?REPEAT?TEST
            CODE    0C79H     0024H     UNIT         ?PR?_DELAY?TEST
            CODE    0C9DH     0023H     UNIT         ?PR?_LCDDIS?TEST
            CODE    0CC0H     001CH     UNIT         ?PR?_LCDCMD?TEST
            CODE    0CDCH     0018H     UNIT         ?PR?_LCDDAT?TEST
            CODE    0CF4H     0014H     UNIT         ?PR?LCD_INIT?TEST
            CODE    0D08H     000CH     UNIT         ?PR?SERIAL_INIT?TEST
            CODE    0D14H     000CH     UNIT         ?C_C51STARTUP



OVERLAY MAP OF MODULE:   .\Objects\test (TEST)


SEGMENT                          DATA_GROUP 
  +--> CALLED SEGMENT          START    LENGTH
----------------------------------------------
?C_C51STARTUP                  -----    -----
  +--> ?PR?MAIN?TEST

?PR?MAIN?TEST                  -----    -----
  +--> ?PR?SERIAL_INIT?TEST
  +--> ?PR?LCD_INIT?TEST
BL51 BANKED LINKER/LOCATER V6.22.2.0                                                  11/16/2021  22:00:02  PAGE 2


  +--> ?PR?_LCDCMD?TEST
  +--> ?CO?TEST
  +--> ?PR?_LCDDIS?TEST
  +--> ?PR?_SER_DIS?TEST
  +--> ?PR?CHECK?TEST

?PR?LCD_INIT?TEST              -----    -----
  +--> ?PR?_LCDCMD?TEST

?PR?_LCDCMD?TEST               -----    -----
  +--> ?PR?_DELAY?TEST

?PR?_LCDDIS?TEST               0021H    0004H
  +--> ?PR?_LCDDAT?TEST

?PR?_LCDDAT?TEST               -----    -----
  +--> ?PR?_DELAY?TEST

?PR?_SER_DIS?TEST              001CH    0003H

?PR?CHECK?TEST                 -----    -----
  +--> ?PR?_LCDCMD?TEST
  +--> ?CO?TEST
  +--> ?PR?REPEAT?TEST
  +--> ?PR?_LCDDIS?TEST
  +--> ?PR?_DELAY?TEST
  +--> ?PR?_LCDCONV?TEST

?PR?REPEAT?TEST                -----    -----
  +--> ?PR?_LCDCMD?TEST
  +--> ?CO?TEST
  +--> ?PR?_LCDDIS?TEST
  +--> ?PR?_DELAY?TEST

?PR?_LCDCONV?TEST              001CH    0005H
  +--> ?PR?_LCDCMD?TEST
  +--> ?CO?TEST
  +--> ?PR?_LCDDIS?TEST
  +--> ?PR?_LCDDAT?TEST



SYMBOL TABLE OF MODULE:  .\Objects\test (TEST)

  VALUE           TYPE          NAME
  ----------------------------------

  -------         MODULE        TEST
  C:0000H         SYMBOL        _ICE_DUMMY_
  C:0800H         PUBLIC        check
  D:0090H         PUBLIC        P1
  D:00A0H         PUBLIC        P2
  C:0C51H         PUBLIC        repeat
  C:0C7DH         PUBLIC        _delay
  C:0D08H         PUBLIC        serial_init
  B:0098H.0       PUBLIC        RI
  B:0098H.1       PUBLIC        TI
BL51 BANKED LINKER/LOCATER V6.22.2.0                                                  11/16/2021  22:00:02  PAGE 3


  C:0B5EH         PUBLIC        main
  D:0008H         PUBLIC        total
  D:0009H         PUBLIC        v1
  D:000AH         PUBLIC        rfid
  D:0099H         PUBLIC        SBUF
  D:0098H         PUBLIC        SCON
  D:0089H         PUBLIC        TMOD
  C:0CF4H         PUBLIC        lcd_init
  B:0090H.6       PUBLIC        buzz
  D:008DH         PUBLIC        TH1
  B:0090H.2       PUBLIC        en
  B:0088H.6       PUBLIC        TR1
  D:0016H         PUBLIC        count1
  D:0017H         PUBLIC        count2
  D:0018H         PUBLIC        count3
  D:0019H         PUBLIC        count4
  D:001AH         PUBLIC        count5
  B:0090H.0       PUBLIC        rs
  D:001BH         PUBLIC        i
  B:0090H.1       PUBLIC        rw
  C:0CC4H         PUBLIC        _lcdcmd
  C:0C26H         PUBLIC        _ser_dis
  C:0BCFH         PUBLIC        _lcdconv
  C:0CDCH         PUBLIC        _lcddat
  C:0C9DH         PUBLIC        _lcddis
  -------         PROC          MAIN
  C:0B5EH         LINE#         20
  C:0B5EH         LINE#         21
  C:0B5EH         LINE#         22
  C:0B61H         LINE#         23
  C:0B64H         LINE#         24
  C:0B69H         LINE#         25
  C:0B72H         LINE#         26
  C:0B77H         LINE#         27
  C:0B80H         LINE#         28
  C:0B80H         LINE#         29
  C:0B80H         LINE#         30
  C:0B85H         LINE#         31
  C:0B8EH         LINE#         32
  C:0B97H         LINE#         33
  C:0BA5H         LINE#         34
  C:0BA5H         LINE#         35
  C:0BA8H         LINE#         36
  C:0BAFH         LINE#         37
  C:0BB1H         LINE#         38
  C:0BB9H         LINE#         39
  C:0BBCH         LINE#         40
  C:0BBEH         LINE#         41
  C:0BC2H         LINE#         42
  C:0BC5H         LINE#         43
  C:0BC8H         LINE#         44
  C:0BCBH         LINE#         45
  C:0BCDH         LINE#         46
  -------         ENDPROC       MAIN
  -------         PROC          CHECK
  C:0800H         LINE#         48
  C:0800H         LINE#         49
BL51 BANKED LINKER/LOCATER V6.22.2.0                                                  11/16/2021  22:00:02  PAGE 4


  C:0800H         LINE#         51
  C:0848H         LINE#         52
  C:0848H         LINE#         53
  C:0853H         LINE#         54
  C:0853H         LINE#         55
  C:0856H         LINE#         57
  C:0856H         LINE#         58
  C:085BH         LINE#         59
  C:085DH         LINE#         60
  C:085FH         LINE#         61
  C:0865H         LINE#         62
  C:0865H         LINE#         63
  C:0865H         LINE#         64
  C:0865H         LINE#         65
  C:0868H         LINE#         67
  C:08B0H         LINE#         68
  C:08B0H         LINE#         69
  C:08BBH         LINE#         70
  C:08BBH         LINE#         71
  C:08BEH         LINE#         73
  C:08BEH         LINE#         74
  C:08C0H         LINE#         75
  C:08C0H         LINE#         76
  C:08C3H         LINE#         77
  C:08C9H         LINE#         78
  C:08C9H         LINE#         79
  C:08C9H         LINE#         80
  C:08C9H         LINE#         81
  C:08CCH         LINE#         83
  C:0914H         LINE#         84
  C:0914H         LINE#         85
  C:091FH         LINE#         86
  C:091FH         LINE#         87
  C:0922H         LINE#         89
  C:0922H         LINE#         90
  C:0924H         LINE#         91
  C:0924H         LINE#         92
  C:0927H         LINE#         93
  C:092DH         LINE#         94
  C:092DH         LINE#         95
  C:092DH         LINE#         96
  C:092DH         LINE#         97
  C:0930H         LINE#         99
  C:0978H         LINE#         100
  C:0978H         LINE#         101
  C:0983H         LINE#         102
  C:0983H         LINE#         103
  C:0985H         LINE#         105
  C:0985H         LINE#         106
  C:0987H         LINE#         107
  C:0987H         LINE#         108
  C:098AH         LINE#         109
  C:0990H         LINE#         110
  C:0990H         LINE#         111
  C:0990H         LINE#         112
  C:0990H         LINE#         113
  C:0992H         LINE#         115
BL51 BANKED LINKER/LOCATER V6.22.2.0                                                  11/16/2021  22:00:02  PAGE 5


  C:09DAH         LINE#         116
  C:09DAH         LINE#         117
  C:09E5H         LINE#         118
  C:09E5H         LINE#         119
  C:09E8H         LINE#         121
  C:09E8H         LINE#         122
  C:09EAH         LINE#         123
  C:09EAH         LINE#         124
  C:09EDH         LINE#         125
  C:09F6H         LINE#         126
  C:09F9H         LINE#         127
  C:09FEH         LINE#         128
  C:0A05H         LINE#         129
  C:0A05H         LINE#         132
  C:0A05H         LINE#         133
  C:0A0AH         LINE#         134
  C:0A13H         LINE#         135
  C:0A18H         LINE#         136
  C:0A21H         LINE#         137
  C:0A24H         LINE#         139
  C:0A26H         LINE#         140
  C:0A29H         LINE#         141
  C:0A2BH         LINE#         142
  C:0A2BH         LINE#         143
  -------         ENDPROC       CHECK
  -------         PROC          LCD_INIT
  C:0CF4H         LINE#         146
  C:0CF4H         LINE#         147
  C:0CF4H         LINE#         148
  C:0CF9H         LINE#         149
  C:0CFEH         LINE#         150
  C:0D03H         LINE#         151
  -------         ENDPROC       LCD_INIT
  C:0CC0H         SYMBOL        L?0067
  -------         PROC          L?0066
  -------         ENDPROC       L?0066
  C:0CC0H         SYMBOL        L?0067
  -------         PROC          _LCDCMD
  D:0007H         SYMBOL        val
  C:0CC4H         LINE#         155
  C:0CC4H         LINE#         156
  C:0CC4H         LINE#         157
  C:0CC6H         LINE#         158
  C:0CC8H         LINE#         159
  C:0CCAH         LINE#         160
  C:0CCCH         LINE#         161
  C:0CD3H         LINE#         162
  C:0CD5H         LINE#         163
  -------         ENDPROC       _LCDCMD
  -------         PROC          _LCDDAT
  D:0007H         SYMBOL        val
  C:0CDCH         LINE#         167
  C:0CDCH         LINE#         168
  C:0CDCH         LINE#         169
  C:0CDEH         LINE#         170
  C:0CE0H         LINE#         171
  C:0CE2H         LINE#         172
BL51 BANKED LINKER/LOCATER V6.22.2.0                                                  11/16/2021  22:00:02  PAGE 6


  C:0CE4H         LINE#         173
  C:0CEBH         LINE#         174
  C:0CEDH         LINE#         175
  -------         ENDPROC       _LCDDAT
  C:0C79H         SYMBOL        L?0069
  -------         PROC          L?0068
  -------         ENDPROC       L?0068
  C:0C79H         SYMBOL        L?0069
  -------         PROC          _DELAY
  D:0006H         SYMBOL        ms
  -------         DO            
  D:0004H         SYMBOL        v5
  D:0006H         SYMBOL        v6
  -------         ENDDO         
  C:0C7DH         LINE#         179
  C:0C7DH         LINE#         180
  C:0C7DH         LINE#         182
  C:0C8EH         LINE#         183
  C:0C9CH         LINE#         184
  -------         ENDPROC       _DELAY
  -------         PROC          _LCDDIS
  D:0021H         SYMBOL        s
  -------         DO            
  D:0024H         SYMBOL        w
  -------         ENDDO         
  C:0C9DH         LINE#         187
  C:0CA3H         LINE#         188
  C:0CA3H         LINE#         190
  C:0CB8H         LINE#         191
  C:0CB8H         LINE#         192
  C:0CBBH         LINE#         193
  C:0CBFH         LINE#         194
  -------         ENDPROC       _LCDDIS
  -------         PROC          SERIAL_INIT
  C:0D08H         LINE#         197
  C:0D08H         LINE#         198
  C:0D08H         LINE#         199
  C:0D0BH         LINE#         200
  C:0D0EH         LINE#         201
  C:0D11H         LINE#         202
  C:0D13H         LINE#         203
  -------         ENDPROC       SERIAL_INIT
  -------         PROC          _SER_DIS
  D:001CH         SYMBOL        s
  -------         DO            
  D:0007H         SYMBOL        v3
  -------         ENDDO         
  C:0C26H         LINE#         205
  C:0C2CH         LINE#         206
  C:0C2CH         LINE#         208
  C:0C3EH         LINE#         209
  C:0C3EH         LINE#         210
  C:0C40H         LINE#         211
  C:0C43H         LINE#         212
  C:0C45H         LINE#         213
  C:0C48H         LINE#         214
  C:0C4BH         LINE#         215
BL51 BANKED LINKER/LOCATER V6.22.2.0                                                  11/16/2021  22:00:02  PAGE 7


  C:0C4EH         LINE#         216
  C:0C50H         LINE#         218
  -------         ENDPROC       _SER_DIS
  -------         PROC          REPEAT
  C:0C51H         LINE#         220
  C:0C51H         LINE#         221
  C:0C51H         LINE#         222
  C:0C56H         LINE#         223
  C:0C5FH         LINE#         224
  C:0C64H         LINE#         225
  C:0C6DH         LINE#         226
  C:0C70H         LINE#         227
  C:0C73H         LINE#         228
  C:0C76H         LINE#         229
  C:0C78H         LINE#         230
  -------         ENDPROC       REPEAT
  -------         PROC          _LCDCONV
  D:001CH         SYMBOL        tot
  -------         DO            
  D:0002H         SYMBOL        a1
  D:001DH         SYMBOL        a2
  D:001FH         SYMBOL        a3
  -------         ENDDO         
  C:0BCFH         LINE#         232
  C:0BD1H         LINE#         233
  C:0BD1H         LINE#         235
  C:0BD6H         LINE#         236
  C:0BDFH         LINE#         237
  C:0BE3H         LINE#         238
  C:0BF2H         LINE#         239
  C:0C01H         LINE#         240
  C:0C0CH         LINE#         241
  C:0C17H         LINE#         242
  C:0C1CH         LINE#         243
  C:0C21H         LINE#         244
  -------         ENDPROC       _LCDCONV
  -------         ENDMOD        TEST

  -------         MODULE        ?C?CLDOPTR
  C:0ADCH         PUBLIC        ?C?CLDOPTR
  -------         ENDMOD        ?C?CLDOPTR

  -------         MODULE        ?C?UIDIV
  C:0B09H         PUBLIC        ?C?UIDIV
  -------         ENDMOD        ?C?UIDIV

******************************************************************************
* RESTRICTED VERSION WITH 0800H BYTE CODE SIZE LIMIT; USED: 0492H BYTE (57%) *
******************************************************************************

Program Size: data=38.0 xdata=0 code=1315
LINK/LOCATE RUN COMPLETE.  0 WARNING(S),  0 ERROR(S)
